// Jest Snapshot v1, https://goo.gl/fbAQLP

exports[` InventoryItem renders correctly 1`] = `
<View
  style={
    Object {
      "backgroundColor": "#fff",
      "borderRadius": 14,
      "elevation": 8,
      "flex": 1,
      "marginBottom": 20,
      "minHeight": 265,
      "shadowColor": "rgb(6, 8, 13)",
      "shadowOffset": Object {
        "height": 10,
        "width": 0,
      },
      "shadowOpacity": 0.12,
      "shadowRadius": 20,
      "width": 158,
    }
  }
>
  <View
    style={
      Object {
        "aspectRatio": 1,
        "width": "100%",
      }
    }
  >
    <Image
      source={
        Object {
          "uri": "https://i.ibb.co/znXC7LQ/marcus-lewis-U63z-XX2f7ho-unsplash.jpg",
        }
      }
      style={
        Object {
          "borderTopLeftRadius": 14,
          "borderTopRightRadius": 14,
          "flex": 1,
          "resizeMode": "cover",
        }
      }
    />
  </View>
  <View
    style={
      Object {
        "flex": 1,
        "justifyContent": "space-between",
        "paddingHorizontal": 20,
        "paddingVertical": 15,
      }
    }
  >
    <Text
      style={
        Array [
          Object {
            "color": "#2C2302",
            "fontSize": 19,
            "fontWeight": "bold",
            "lineHeight": 26,
          },
          undefined,
        ]
      }
    >
      Cartier ring
    </Text>
    <Text
      style={
        Array [
          Object {
            "color": "#6B6651",
            "fontSize": 15,
            "lineHeight": 20,
          },
          Object {
            "marginTop": 5,
          },
        ]
      }
    >
      â‚¬
      5,780
    </Text>
  </View>
</View>
`;
